// Jest Snapshot v1, https://goo.gl/fbAQLP

exports[`Search.vue render correct 1`] = `
<div
  class="flex flex-wrap w-full h-full p-20"
>
  <span
    class="uppercase font-extralight text-4xl text-white w-full mb-4"
    for="search"
  >
     Find Your Movie 
  </span>
  <form
    class="space-x-4 flex w-full aqa-form-search"
  >
    <input
      class="w-3/4 placeholder:text-stone-500 text-lg bg-stone-800 px-4 py-2 opacity-75 text-white w-3/4 h-12 border-0 rounded"
      id="search-input"
      placeholder="Search"
      type="text"
    />
    <button
      class="w-1/4 bg-rose-500 h-12 text-white rounded uppercase size text-lg hover:bg-rose-600"
    >
      
       Search 
      
    </button>
  </form>
  <div
    class="flex items-center py-4"
  >
    <span
      class="text-white uppercase text-lg mr-4"
    >
      Search by
    </span>
    <div
      class="flex h-full"
    >
      
      <button
        class="toggle-btn rounded-l"
      >
        title
      </button>
      <button
        class="toggle-btn rounded-r"
      >
        genre
      </button>
      
    </div>
  </div>
</div>
`;
